   ▲ Next.js 15.5.15
   - Environments: .env.local, .env.production, .env

   Creating an optimized production build ...
node.exe :  ⚠ Compiled with warnings in 2.6s
所在位置 行:1 字符: 1
+ & "C:\Program Files\nodejs/node.exe" "C:\Program Files\nodejs/node_mo ...
+ ~~~~~~~~~~~~~~~~~~~~~~~~~~~~~~~~~~~~~~~~~~~~~~~~~~~~~~~~~~~~~~~~~~~~~
    + CategoryInfo          : NotSpecified: ( ⚠ Compiled with warnings in 2.6s:String) [], RemoteException
    + FullyQualifiedErrorId : NativeCommandError
 

./node_modules/@opentelemetry/instrumentation/build/esm/platform/node/instrumentation.js
Critical dependency: the request of a dependency is an expression

Import trace for requested module:
./node_modules/@opentelemetry/instrumentation/build/esm/platform/node/instrumentation.js
./node_modules/@opentelemetry/instrumentation/build/esm/platform/node/index.js
./node_modules/@opentelemetry/instrumentation/build/esm/platform/index.js
./node_modules/@opentelemetry/instrumentation/build/esm/index.js
./node_modules/@sentry/node/build/cjs/integrations/node-fetch.js
./node_modules/@sentry/node/build/cjs/index.js
./node_modules/@sentry/nextjs/build/cjs/index.server.js

   Linting and checking validity of types ...
Failed to compile.

./middleware.ts:33:28
Type error: Argument of type 'Request' is not assignable to parameter of type 'NextRequest'.
  Type 'Request' is missing the following properties from type 'NextRequest': cookies, nextUrl, page, ua

[0m [90m 31 |[39m [36mexport[39m [36mdefault[39m [36mfunction[39m middleware(req[33m:[39m [33mRequest[39m
[33m,[39m event[33m:[39m [33mParameters[39m[33m<[39m[36mtypeof[39m clerkMiddleware[33m>[39m[[35m1[39m]) {
 [90m 32 |[39m   [36mtry[39m {
[31m[1m>[22m[39m[90m 33 |[39m     [36mreturn[39m clerkMiddleware(req[33m,[39m event)[33m;[39m
 [90m    |[39m                            [31m[1m^[22m[39m
 [90m 34 |[39m   } [36mcatch[39m (error) {
 [90m 35 |[39m     [90m// Clerk init failed (wrong keys / network) → fall back to i18n only[39m
 [90m 36 |[39m     console[33m.[39merror([32m"Middleware: Clerk auth failed, falling back to i18n-only"[39m[33m,
[39m error)[33m;[39m[0m
Next.js build worker exited with code: 1 and signal: null
