Vercel CLI 54.14.5 (Node.js 25.2.1)
Retrieving project…
Deploying ding1020s-projects/pdf-summarizer
Uploading [--------------------] (0.0B/3.6KB)
Uploading [====================] (3.6KB/3.6KB)
  Inspect         https://vercel.com/ding1020s-projects/pdf-summarizer/AFsqAFYZsL4wM1q1B1RSUxpgqQUN
  Production      https://pdf-summarizer-68xu1p6ve-ding1020s-projects.vercel.app
https://pdf-summarizer-68xu1p6ve-ding1020s-projects.vercel.appBuilding…
Building…
Running build in Washington, D.C., USA (East) – iad1
Build machine configuration: 2 cores, 8 GB
Retrieving list of deployment files...
Downloading 233 deployment files...
Restored build cache from previous deployment (BARpLcKr6a3bgCPZFvW4SzgcNL7R)
Running "vercel build"
Vercel CLI 56.2.0
Warning: Detected "engines": { "node": ">=20.0.0" } in your `package.json` that will automatically upgrade when a new major Node.js Version is released. Learn More: https://vercel.link/node-version
Running "install" command: `npm install`...
> pdf-summarizer@0.2.0 postinstall
> prisma generate
Loaded Prisma config from prisma.config.ts.
Prisma schema loaded from prisma/schema.prisma.
✔ Generated Prisma Client (v7.8.0) to ./node_modules/@prisma/client in 202ms
Start by importing your Prisma Client (See: https://pris.ly/d/importing-client)
up to date, audited 977 packages in 8s
293 packages are looking for funding
run `npm fund` for details
10 vulnerabilities (8 moderate, 1 high, 1 critical)
To address all issues (including breaking changes), run:
npm audit fix --force
Run `npm audit` for details.
Detected Next.js version: 16.2.10
Running "npm run vercel-build"
> pdf-summarizer@0.2.0 vercel-build
> npx prisma migrate deploy && npx prisma generate && next build
Loaded Prisma config from prisma.config.ts.
Prisma schema loaded from prisma/schema.prisma.
Datasource "db": PostgreSQL database "postgres", schema "public" at "aws-1-us-east-1.pooler.supabase.com:5432"
4 migrations found in prisma/migrations
No pending migrations to apply.
Loaded Prisma config from prisma.config.ts.
Prisma schema loaded from prisma/schema.prisma.
✔ Generated Prisma Client (v7.8.0) to ./node_modules/@prisma/client in 205ms
Start by importing your Prisma Client (See: https://pris.ly/d/importing-client)
Applying modifyConfig from Vercel
▲ Next.js 16.2.10 (Turbopack)
- Environments: .env
- Experiments (use with caution):
· clientTraceMetadata
· optimizePackageImports
⚠ The "middleware" file convention is deprecated. Please use "proxy" instead. Learn more: https://nextjs.org/docs/messages/middleware-to-proxy
Creating an optimized production build ...
✓ Compiled successfully in 26.0s
Running next.config.js provided runAfterProductionCompile ...
✓ Completed runAfterProductionCompile in 344ms
Running TypeScript ...
Finished TypeScript in 11.4s ...
Collecting page data using 1 worker ...
{"timestamp":"2026-07-19T09:37:57.888Z","level":"warn","message":"STRIPE_SECRET_KEY not configured — Stripe is disabled"}
⚠ Using edge runtime on a page currently disables static generation for that page
Generating static pages using 1 worker (0/40) ...
Generating static pages using 1 worker (10/40)
Generating static pages using 1 worker (20/40)
Generating static pages using 1 worker (30/40)
✓ Generating static pages using 1 worker (40/40) in 190ms
Finalizing page optimization ...
Running onBuildComplete from Vercel
Warning: Detected "engines": { "node": ">=20.0.0" } in your `package.json` that will automatically upgrade when a new major Node.js Version is released. Learn More: https://vercel.link/node-version
Detected .env file, it is strongly recommended to use Vercel's env handling instead
Route (app)
┌ ○ /_not-found
├ ƒ /[locale]
├ ƒ /[locale]/admin
├ ƒ /[locale]/api-docs
├ ƒ /[locale]/blog
├ ƒ /[locale]/blog/[slug]
├ ƒ /[locale]/changelog
├ ƒ /[locale]/cookies
├ ƒ /[locale]/dashboard
├ ƒ /[locale]/dashboard/subscription
├ ƒ /[locale]/forgot-password
├ ƒ /[locale]/help
├ ƒ /[locale]/pricing
├ ƒ /[locale]/privacy
├ ƒ /[locale]/refund
├ ƒ /[locale]/reset-password
├ ƒ /[locale]/share/[shareId]
├ ƒ /[locale]/sign-in
├ ƒ /[locale]/sign-up
├ ƒ /[locale]/terms
├ ƒ /api/account/delete
├ ƒ /api/account/export
├ ƒ /api/admin/approve
├ ƒ /api/admin/pending
├ ƒ /api/admin/reject
├ ƒ /api/admin/stats
├ ƒ /api/auth/forgot-password
├ ƒ /api/auth/me
├ ƒ /api/auth/resend-verification
├ ƒ /api/auth/reset-password
├ ƒ /api/auth/sign-in
├ ƒ /api/auth/sign-out
├ ƒ /api/auth/sign-up
├ ƒ /api/auth/verify-email
├ ƒ /api/checkout/create
├ ƒ /api/cron/downgrade-expired
├ ƒ /api/cron/send-activation-reminder
├ ƒ /api/cron/send-winback
├ ƒ /api/customer-portal
├ ƒ /api/documents
├ ƒ /api/documents/[id]
├ ƒ /api/documents/[id]/share
├ ƒ /api/feedback
├ ƒ /api/health
├ ƒ /api/logs
├ ƒ /api/payment/submit
├ ƒ /api/ping
├ ƒ /api/stripe/checkout/create
├ ƒ /api/stripe/webhook
├ ƒ /api/subscription
├ ƒ /api/summarize
├ ƒ /api/summarize/stream
├ ƒ /api/track/activity
├ ƒ /api/upload
├ ƒ /api/usage
├ ƒ /api/users/[userId]
├ ƒ /api/v1/keys
├ ƒ /api/v1/keys/[keyId]
├ ƒ /api/v1/summarize
├ ƒ /api/version
├ ƒ /api/webhooks/creem
├ ƒ /og
├ ○ /robots.txt
└ ○ /sitemap.xml
ƒ Proxy (Middleware)
○  (Static)   prerendered as static content
ƒ  (Dynamic)  server-rendered on demand
Build Completed in /vercel/output [55s]
Deploying outputs...
Warning: Provided `memory` setting in `vercel.json` is ignored on Active CPU billing. You can safely remove this setting from your configuration. Learn more: https://vercel.com/docs/fluid-compute/pricing
Deployment completed
Creating build cache...
[2K[1A[2K[G  Production      https://pdf-summarizer-68xu1p6ve-ding1020s-projects.vercel.app
Completing…
▲ Aliased         https://www.pdfsum.com

✓ Ready in 1m
